测试log
2222
